// Jest Snapshot v1, https://goo.gl/fbAQLP

exports[`LandingPage Component should render correctly 1`] = `
<Fragment>
  <styled.main>
    <styled.section>
      <withRouter(CategoryCard)
        category="Branch"
        className="category"
        key="1"
      />
    </styled.section>
  </styled.main>
  <Connect(SearchDisplay) />
</Fragment>
`;
